
*** Running vivado
    with args -log test_env.vdi -applog -m64 -product Vivado -messageDb vivado.pb -mode batch -source test_env.tcl -notrace



****** Vivado v2024.2 (64-bit)
  **** SW Build 5239630 on Fri Nov 08 22:35:27 MST 2024
  **** IP Build 5239520 on Sun Nov 10 16:12:51 MST 2024
  **** SharedData Build 5239561 on Fri Nov 08 14:39:27 MST 2024
  **** Start of session at: Wed May 20 21:16:41 2026
    ** Copyright 1986-2022 Xilinx, Inc. All Rights Reserved.
    ** Copyright 2022-2024 Advanced Micro Devices, Inc. All Rights Reserved.

source test_env.tcl -notrace
Command: link_design -top test_env -part xc7a35tcpg236-1
Design is defaulting to srcset: sources_1
Design is defaulting to constrset: constrs_1
INFO: [Device 21-403] Loading part xc7a35tcpg236-1
Netlist sorting complete. Time (s): cpu = 00:00:00 ; elapsed = 00:00:00.015 . Memory (MB): peak = 570.727 ; gain = 0.000
INFO: [Netlist 29-17] Analyzing 616 Unisim elements for replacement
INFO: [Netlist 29-28] Unisim Transformation completed in 0 CPU seconds
INFO: [Project 1-479] Netlist was created with Vivado 2024.2
INFO: [Project 1-570] Preparing netlist for logic optimization
Parsing XDC File [D:/4y3l/y2/s2/CA/ca-labs-2026-bogdantonio/MIPS_CPU_Pipeline_Basys3/MIPS_CPU_Pipeline_Basys3.srcs/constrs_1/new/Basys-3-Master.xdc]
Finished Parsing XDC File [D:/4y3l/y2/s2/CA/ca-labs-2026-bogdantonio/MIPS_CPU_Pipeline_Basys3/MIPS_CPU_Pipeline_Basys3.srcs/constrs_1/new/Basys-3-Master.xdc]
INFO: [Opt 31-138] Pushed 0 inverter(s) to 0 load pin(s).
Netlist sorting complete. Time (s): cpu = 00:00:00 ; elapsed = 00:00:00.002 . Memory (MB): peak = 697.527 ; gain = 0.000
INFO: [Project 1-111] Unisim Transformation Summary:
  A total of 518 instances were transformed.
  RAM256X1S => RAM256X1S (MUXF7(x2), MUXF8, RAMS64E(x4)): 512 instances
  RAM32M => RAM32M (RAMD32(x6), RAMS32(x2)): 6 instances

7 Infos, 0 Warnings, 0 Critical Warnings and 0 Errors encountered.
link_design completed successfully
link_design: Time (s): cpu = 00:00:05 ; elapsed = 00:00:06 . Memory (MB): peak = 697.527 ; gain = 330.945
Command: opt_design
Attempting to get a license for feature 'Implementation' and/or device 'xc7a35t'
INFO: [Common 17-349] Got license for feature 'Implementation' and/or device 'xc7a35t'
Running DRC as a precondition to command opt_design

Starting DRC Task
INFO: [DRC 23-27] Running DRC with 2 threads
INFO: [Project 1-461] DRC finished with 0 Errors
INFO: [Project 1-462] Please refer to the DRC report (report_drc) for more information.

Time (s): cpu = 00:00:03 ; elapsed = 00:00:02 . Memory (MB): peak = 737.215 ; gain = 39.688

Starting Cache Timing Information Task
INFO: [Timing 38-35] Done setting XDC timing constraints.
Ending Cache Timing Information Task | Checksum: 251160f67

Time (s): cpu = 00:00:06 ; elapsed = 00:00:07 . Memory (MB): peak = 1283.199 ; gain = 545.984

Starting Logic Optimization Task

Phase 1 Initialization

Phase 1.1 Core Generation And Design Setup
Phase 1.1 Core Generation And Design Setup | Checksum: 251160f67

Time (s): cpu = 00:00:00 ; elapsed = 00:00:00.006 . Memory (MB): peak = 1686.582 ; gain = 0.000

Phase 1.2 Setup Constraints And Sort Netlist
Phase 1.2 Setup Constraints And Sort Netlist | Checksum: 251160f67

Time (s): cpu = 00:00:00 ; elapsed = 00:00:00.010 . Memory (MB): peak = 1686.582 ; gain = 0.000
Phase 1 Initialization | Checksum: 251160f67

Time (s): cpu = 00:00:00 ; elapsed = 00:00:00.012 . Memory (MB): peak = 1686.582 ; gain = 0.000

Phase 2 Timer Update And Timing Data Collection

Phase 2.1 Timer Update
Phase 2.1 Timer Update | Checksum: 251160f67

Time (s): cpu = 00:00:01 ; elapsed = 00:00:00.108 . Memory (MB): peak = 1686.582 ; gain = 0.000

Phase 2.2 Timing Data Collection
Phase 2.2 Timing Data Collection | Checksum: 251160f67

Time (s): cpu = 00:00:01 ; elapsed = 00:00:00.121 . Memory (MB): peak = 1686.582 ; gain = 0.000
Phase 2 Timer Update And Timing Data Collection | Checksum: 251160f67

Time (s): cpu = 00:00:01 ; elapsed = 00:00:00.122 . Memory (MB): peak = 1686.582 ; gain = 0.000

Phase 3 Retarget
INFO: [Opt 31-1851] Number of loadless carry chains removed were: 0
INFO: [Opt 31-1834] Total Chains To Be Transformed Were: 0 AND Number of Transformed insts Created are: 0
INFO: [Opt 31-138] Pushed 0 inverter(s) to 0 load pin(s).
INFO: [Opt 31-49] Retargeted 0 cell(s).
Phase 3 Retarget | Checksum: 251160f67

Time (s): cpu = 00:00:01 ; elapsed = 00:00:00.140 . Memory (MB): peak = 1686.582 ; gain = 0.000
Retarget | Checksum: 251160f67
INFO: [Opt 31-389] Phase Retarget created 0 cells and removed 0 cells

Phase 4 Constant propagation
INFO: [Opt 31-138] Pushed 0 inverter(s) to 0 load pin(s).
Phase 4 Constant propagation | Checksum: 251160f67

Time (s): cpu = 00:00:01 ; elapsed = 00:00:00.151 . Memory (MB): peak = 1686.582 ; gain = 0.000
Constant propagation | Checksum: 251160f67
INFO: [Opt 31-389] Phase Constant propagation created 0 cells and removed 0 cells

Phase 5 Sweep
INFO: [Constraints 18-11670] Building netlist checker database with flags, 0x8
Done building netlist checker database: Time (s): cpu = 00:00:00 ; elapsed = 00:00:00.001 . Memory (MB): peak = 1686.582 ; gain = 0.000
Phase 5 Sweep | Checksum: 1b3d11e84

Time (s): cpu = 00:00:01 ; elapsed = 00:00:00.186 . Memory (MB): peak = 1686.582 ; gain = 0.000
Sweep | Checksum: 1b3d11e84
INFO: [Opt 31-389] Phase Sweep created 3 cells and removed 0 cells

Phase 6 BUFG optimization
INFO: [Opt 31-194] Inserted BUFG MPG1/CLK0_out_BUFG_inst to drive 6 load(s) on clock net MPG1/CLK0_out_BUFG
INFO: [Opt 31-193] Inserted 1 BUFG(s) on clock nets
Phase 6 BUFG optimization | Checksum: 1c8f5b1f1

Time (s): cpu = 00:00:01 ; elapsed = 00:00:00.370 . Memory (MB): peak = 1686.582 ; gain = 0.000
BUFG optimization | Checksum: 1c8f5b1f1
INFO: [Opt 31-662] Phase BUFG optimization created 1 cells of which 1 are BUFGs and removed 0 cells.

Phase 7 Shift Register Optimization
INFO: [Opt 31-1064] SRL Remap converted 0 SRLs to 0 registers and converted 0 registers of register chains to 0 SRLs
Phase 7 Shift Register Optimization | Checksum: 1c8f5b1f1

Time (s): cpu = 00:00:01 ; elapsed = 00:00:00.381 . Memory (MB): peak = 1686.582 ; gain = 0.000
Shift Register Optimization | Checksum: 1c8f5b1f1
INFO: [Opt 31-389] Phase Shift Register Optimization created 0 cells and removed 0 cells

Phase 8 Post Processing Netlist
Phase 8 Post Processing Netlist | Checksum: 1c8f5b1f1

Time (s): cpu = 00:00:01 ; elapsed = 00:00:00.407 . Memory (MB): peak = 1686.582 ; gain = 0.000
Post Processing Netlist | Checksum: 1c8f5b1f1
INFO: [Opt 31-389] Phase Post Processing Netlist created 0 cells and removed 0 cells

Phase 9 Finalization

Phase 9.1 Finalizing Design Cores and Updating Shapes
Phase 9.1 Finalizing Design Cores and Updating Shapes | Checksum: 22918ef21

Time (s): cpu = 00:00:01 ; elapsed = 00:00:00.472 . Memory (MB): peak = 1686.582 ; gain = 0.000

Phase 9.2 Verifying Netlist Connectivity

Starting Connectivity Check Task

Time (s): cpu = 00:00:00 ; elapsed = 00:00:00.012 . Memory (MB): peak = 1686.582 ; gain = 0.000
Phase 9.2 Verifying Netlist Connectivity | Checksum: 22918ef21

Time (s): cpu = 00:00:01 ; elapsed = 00:00:00.489 . Memory (MB): peak = 1686.582 ; gain = 0.000
Phase 9 Finalization | Checksum: 22918ef21

Time (s): cpu = 00:00:01 ; elapsed = 00:00:00.492 . Memory (MB): peak = 1686.582 ; gain = 0.000
Opt_design Change Summary
=========================


-------------------------------------------------------------------------------------------------------------------------
|  Phase                        |  #Cells created  |  #Cells Removed  |  #Constrained objects preventing optimizations  |
-------------------------------------------------------------------------------------------------------------------------
|  Retarget                     |               0  |               0  |                                              0  |
|  Constant propagation         |               0  |               0  |                                              0  |
|  Sweep                        |               3  |               0  |                                              0  |
|  BUFG optimization            |               1  |               0  |                                              0  |
|  Shift Register Optimization  |               0  |               0  |                                              0  |
|  Post Processing Netlist      |               0  |               0  |                                              0  |
-------------------------------------------------------------------------------------------------------------------------


Ending Logic Optimization Task | Checksum: 22918ef21

Time (s): cpu = 00:00:01 ; elapsed = 00:00:00.499 . Memory (MB): peak = 1686.582 ; gain = 0.000

Starting Power Optimization Task
INFO: [Pwropt 34-132] Skipping clock gating for clocks with a period < 2.00 ns.
Ending Power Optimization Task | Checksum: 22918ef21

Time (s): cpu = 00:00:00 ; elapsed = 00:00:00.016 . Memory (MB): peak = 1686.582 ; gain = 0.000

Starting Final Cleanup Task
Ending Final Cleanup Task | Checksum: 22918ef21

Time (s): cpu = 00:00:00 ; elapsed = 00:00:00.002 . Memory (MB): peak = 1686.582 ; gain = 0.000

Starting Netlist Obfuscation Task
Netlist sorting complete. Time (s): cpu = 00:00:00 ; elapsed = 00:00:00.003 . Memory (MB): peak = 1686.582 ; gain = 0.000
Ending Netlist Obfuscation Task | Checksum: 22918ef21

Time (s): cpu = 00:00:00 ; elapsed = 00:00:00.007 . Memory (MB): peak = 1686.582 ; gain = 0.000
INFO: [Common 17-83] Releasing license: Implementation
29 Infos, 0 Warnings, 0 Critical Warnings and 0 Errors encountered.
opt_design completed successfully
opt_design: Time (s): cpu = 00:00:13 ; elapsed = 00:00:12 . Memory (MB): peak = 1686.582 ; gain = 989.055
INFO: [Vivado 12-24828] Executing command : report_drc -file test_env_drc_opted.rpt -pb test_env_drc_opted.pb -rpx test_env_drc_opted.rpx
Command: report_drc -file test_env_drc_opted.rpt -pb test_env_drc_opted.pb -rpx test_env_drc_opted.rpx
INFO: [IP_Flow 19-234] Refreshing IP repositories
INFO: [IP_Flow 19-1704] No user IP repositories specified
INFO: [IP_Flow 19-2313] Loaded Vivado IP repository 'D:/Aplicatii/Xilinx/Vivado/2024.2/data/ip'.
INFO: [DRC 23-27] Running DRC with 2 threads
INFO: [Vivado_Tcl 2-168] The results of DRC are in file D:/4y3l/y2/s2/CA/ca-labs-2026-bogdantonio/MIPS_CPU_Pipeline_Basys3/MIPS_CPU_Pipeline_Basys3.runs/impl_1/test_env_drc_opted.rpt.
report_drc completed successfully
INFO: [Timing 38-480] Writing timing data to binary archive.
Wrote PlaceDB: Time (s): cpu = 00:00:00 ; elapsed = 00:00:00.003 . Memory (MB): peak = 1686.582 ; gain = 0.000
Wrote PulsedLatchDB: Time (s): cpu = 00:00:00 ; elapsed = 00:00:00 . Memory (MB): peak = 1686.582 ; gain = 0.000
Writing XDEF routing.
Write ShapeDB Complete: Time (s): cpu = 00:00:00 ; elapsed = 00:00:00.022 . Memory (MB): peak = 1686.582 ; gain = 0.000
Writing XDEF routing logical nets.
Writing XDEF routing special nets.
Wrote RouteStorage: Time (s): cpu = 00:00:00 ; elapsed = 00:00:00.031 . Memory (MB): peak = 1686.582 ; gain = 0.000
Wrote Netlist Cache: Time (s): cpu = 00:00:00 ; elapsed = 00:00:00.001 . Memory (MB): peak = 1686.582 ; gain = 0.000
Wrote Device Cache: Time (s): cpu = 00:00:00 ; elapsed = 00:00:00.013 . Memory (MB): peak = 1686.582 ; gain = 0.000
Write Physdb Complete: Time (s): cpu = 00:00:00 ; elapsed = 00:00:00.057 . Memory (MB): peak = 1686.582 ; gain = 0.000
INFO: [Common 17-1381] The checkpoint 'D:/4y3l/y2/s2/CA/ca-labs-2026-bogdantonio/MIPS_CPU_Pipeline_Basys3/MIPS_CPU_Pipeline_Basys3.runs/impl_1/test_env_opt.dcp' has been generated.
Command: place_design
Attempting to get a license for feature 'Implementation' and/or device 'xc7a35t'
INFO: [Common 17-349] Got license for feature 'Implementation' and/or device 'xc7a35t'
INFO: [Common 17-83] Releasing license: Implementation
INFO: [DRC 23-27] Running DRC with 2 threads
INFO: [Vivado_Tcl 4-198] DRC finished with 0 Errors
INFO: [Vivado_Tcl 4-199] Please refer to the DRC report (report_drc) for more information.
Running DRC as a precondition to command place_design
INFO: [DRC 23-27] Running DRC with 2 threads
INFO: [Vivado_Tcl 4-198] DRC finished with 0 Errors
INFO: [Vivado_Tcl 4-199] Please refer to the DRC report (report_drc) for more information.
INFO: [Place 30-611] Multithreading enabled for place_design using a maximum of 2 CPUs

Starting Placer Task

Phase 1 Placer Initialization

Phase 1.1 Placer Initialization Netlist Sorting
Netlist sorting complete. Time (s): cpu = 00:00:00 ; elapsed = 00:00:00.003 . Memory (MB): peak = 1686.582 ; gain = 0.000
Phase 1.1 Placer Initialization Netlist Sorting | Checksum: 1919d5696

Time (s): cpu = 00:00:01 ; elapsed = 00:00:00.004 . Memory (MB): peak = 1686.582 ; gain = 0.000
Netlist sorting complete. Time (s): cpu = 00:00:00 ; elapsed = 00:00:00.002 . Memory (MB): peak = 1686.582 ; gain = 0.000

Phase 1.2 IO Placement/ Clock Placement/ Build Placer Device
INFO: [Timing 38-35] Done setting XDC timing constraints.
Phase 1.2 IO Placement/ Clock Placement/ Build Placer Device | Checksum: 1ccf52628

Time (s): cpu = 00:00:02 ; elapsed = 00:00:00.708 . Memory (MB): peak = 1686.582 ; gain = 0.000

Phase 1.3 Build Placer Netlist Model
Phase 1.3 Build Placer Netlist Model | Checksum: 29df95299

Time (s): cpu = 00:00:02 ; elapsed = 00:00:01 . Memory (MB): peak = 1686.582 ; gain = 0.000

Phase 1.4 Constrain Clocks/Macros
Phase 1.4 Constrain Clocks/Macros | Checksum: 29df95299

Time (s): cpu = 00:00:02 ; elapsed = 00:00:01 . Memory (MB): peak = 1686.582 ; gain = 0.000
Phase 1 Placer Initialization | Checksum: 29df95299

Time (s): cpu = 00:00:02 ; elapsed = 00:00:01 . Memory (MB): peak = 1686.582 ; gain = 0.000

Phase 2 Global Placement

Phase 2.1 Floorplanning
Phase 2.1 Floorplanning | Checksum: 29df95299

Time (s): cpu = 00:00:02 ; elapsed = 00:00:01 . Memory (MB): peak = 1686.582 ; gain = 0.000

Phase 2.2 Update Timing before SLR Path Opt
Phase 2.2 Update Timing before SLR Path Opt | Checksum: 29df95299

Time (s): cpu = 00:00:02 ; elapsed = 00:00:01 . Memory (MB): peak = 1686.582 ; gain = 0.000

Phase 2.3 Post-Processing in Floorplanning
Phase 2.3 Post-Processing in Floorplanning | Checksum: 29df95299

Time (s): cpu = 00:00:02 ; elapsed = 00:00:01 . Memory (MB): peak = 1686.582 ; gain = 0.000

Phase 2.4 Global Place Phase1
Phase 2.4 Global Place Phase1 | Checksum: 259467194

Time (s): cpu = 00:00:04 ; elapsed = 00:00:03 . Memory (MB): peak = 1686.582 ; gain = 0.000

Phase 2.5 Global Place Phase2
WARNING: [Place 46-29] Timing had been disabled during Placer and, therefore, physical synthesis in Placer will be skipped.
Phase 2.5 Global Place Phase2 | Checksum: 1cd7bcb5d

Time (s): cpu = 00:00:04 ; elapsed = 00:00:03 . Memory (MB): peak = 1686.582 ; gain = 0.000
Phase 2 Global Placement | Checksum: 1cd7bcb5d

Time (s): cpu = 00:00:04 ; elapsed = 00:00:03 . Memory (MB): peak = 1686.582 ; gain = 0.000

Phase 3 Detail Placement

Phase 3.1 Commit Multi Column Macros
Phase 3.1 Commit Multi Column Macros | Checksum: 1cd7bcb5d

Time (s): cpu = 00:00:04 ; elapsed = 00:00:03 . Memory (MB): peak = 1686.582 ; gain = 0.000

Phase 3.2 Commit Most Macros & LUTRAMs
Phase 3.2 Commit Most Macros & LUTRAMs | Checksum: 1892d5699

Time (s): cpu = 00:00:05 ; elapsed = 00:00:03 . Memory (MB): peak = 1686.582 ; gain = 0.000

Phase 3.3 Area Swap Optimization
Phase 3.3 Area Swap Optimization | Checksum: 213701594

Time (s): cpu = 00:00:05 ; elapsed = 00:00:03 . Memory (MB): peak = 1686.582 ; gain = 0.000

Phase 3.4 Pipeline Register Optimization
Phase 3.4 Pipeline Register Optimization | Checksum: 213701594

Time (s): cpu = 00:00:05 ; elapsed = 00:00:03 . Memory (MB): peak = 1686.582 ; gain = 0.000

Phase 3.5 Small Shape Detail Placement
Phase 3.5 Small Shape Detail Placement | Checksum: 22c09a9b2

Time (s): cpu = 00:00:05 ; elapsed = 00:00:03 . Memory (MB): peak = 1686.582 ; gain = 0.000

Phase 3.6 Re-assign LUT pins
Phase 3.6 Re-assign LUT pins | Checksum: 22c09a9b2

Time (s): cpu = 00:00:06 ; elapsed = 00:00:04 . Memory (MB): peak = 1686.582 ; gain = 0.000

Phase 3.7 Pipeline Register Optimization
Phase 3.7 Pipeline Register Optimization | Checksum: 22c09a9b2

Time (s): cpu = 00:00:06 ; elapsed = 00:00:04 . Memory (MB): peak = 1686.582 ; gain = 0.000
Phase 3 Detail Placement | Checksum: 22c09a9b2

Time (s): cpu = 00:00:06 ; elapsed = 00:00:04 . Memory (MB): peak = 1686.582 ; gain = 0.000

Phase 4 Post Placement Optimization and Clean-Up

Phase 4.1 Post Commit Optimization
Phase 4.1 Post Commit Optimization | Checksum: 22c09a9b2

Time (s): cpu = 00:00:06 ; elapsed = 00:00:04 . Memory (MB): peak = 1686.582 ; gain = 0.000

Phase 4.2 Post Placement Cleanup
Phase 4.2 Post Placement Cleanup | Checksum: 22c09a9b2

Time (s): cpu = 00:00:06 ; elapsed = 00:00:04 . Memory (MB): peak = 1686.582 ; gain = 0.000

Phase 4.3 Placer Reporting

Phase 4.3.1 Print Estimated Congestion
INFO: [Place 30-612] Post-Placement Estimated Congestion 
 ____________________________________________________
|           | Global Congestion | Short Congestion  |
| Direction | Region Size       | Region Size       |
|___________|___________________|___________________|
|      North|                1x1|                1x1|
|___________|___________________|___________________|
|      South|                1x1|                1x1|
|___________|___________________|___________________|
|       East|                1x1|                1x1|
|___________|___________________|___________________|
|       West|                1x1|                1x1|
|___________|___________________|___________________|

Phase 4.3.1 Print Estimated Congestion | Checksum: 22c09a9b2

Time (s): cpu = 00:00:06 ; elapsed = 00:00:04 . Memory (MB): peak = 1686.582 ; gain = 0.000
Phase 4.3 Placer Reporting | Checksum: 22c09a9b2

Time (s): cpu = 00:00:06 ; elapsed = 00:00:04 . Memory (MB): peak = 1686.582 ; gain = 0.000

Phase 4.4 Final Placement Cleanup
Netlist sorting complete. Time (s): cpu = 00:00:00 ; elapsed = 00:00:00.002 . Memory (MB): peak = 1686.582 ; gain = 0.000

Time (s): cpu = 00:00:06 ; elapsed = 00:00:04 . Memory (MB): peak = 1686.582 ; gain = 0.000
Phase 4 Post Placement Optimization and Clean-Up | Checksum: 27ae41258

Time (s): cpu = 00:00:06 ; elapsed = 00:00:04 . Memory (MB): peak = 1686.582 ; gain = 0.000
Ending Placer Task | Checksum: 22933edef

Time (s): cpu = 00:00:06 ; elapsed = 00:00:04 . Memory (MB): peak = 1686.582 ; gain = 0.000
48 Infos, 1 Warnings, 0 Critical Warnings and 0 Errors encountered.
place_design completed successfully
place_design: Time (s): cpu = 00:00:09 ; elapsed = 00:00:06 . Memory (MB): peak = 1686.582 ; gain = 0.000
INFO: [Vivado 12-24838] Running report commands "report_control_sets, report_io, report_utilization" in parallel.
Running report generation with 2 threads.
INFO: [Vivado 12-24828] Executing command : report_utilization -file test_env_utilization_placed.rpt -pb test_env_utilization_placed.pb
INFO: [Vivado 12-24828] Executing command : report_io -file test_env_io_placed.rpt
report_io: Time (s): cpu = 00:00:00 ; elapsed = 00:00:00.046 . Memory (MB): peak = 1686.582 ; gain = 0.000
INFO: [Vivado 12-24828] Executing command : report_control_sets -verbose -file test_env_control_sets_placed.rpt
report_control_sets: Time (s): cpu = 00:00:00 ; elapsed = 00:00:00.025 . Memory (MB): peak = 1686.582 ; gain = 0.000
INFO: [Timing 38-480] Writing timing data to binary archive.
Write ShapeDB Complete: Time (s): cpu = 00:00:00 ; elapsed = 00:00:00.024 . Memory (MB): peak = 1686.582 ; gain = 0.000
Wrote PlaceDB: Time (s): cpu = 00:00:01 ; elapsed = 00:00:00.365 . Memory (MB): peak = 1686.582 ; gain = 0.000
Wrote PulsedLatchDB: Time (s): cpu = 00:00:00 ; elapsed = 00:00:00 . Memory (MB): peak = 1686.582 ; gain = 0.000
Writing XDEF routing.
Writing XDEF routing logical nets.
Writing XDEF routing special nets.
Wrote RouteStorage: Time (s): cpu = 00:00:00 ; elapsed = 00:00:00.020 . Memory (MB): peak = 1686.582 ; gain = 0.000
Wrote Netlist Cache: Time (s): cpu = 00:00:00 ; elapsed = 00:00:00.005 . Memory (MB): peak = 1686.582 ; gain = 0.000
Wrote Device Cache: Time (s): cpu = 00:00:00 ; elapsed = 00:00:00.008 . Memory (MB): peak = 1686.582 ; gain = 0.000
Write Physdb Complete: Time (s): cpu = 00:00:01 ; elapsed = 00:00:00.408 . Memory (MB): peak = 1686.582 ; gain = 0.000
INFO: [Common 17-1381] The checkpoint 'D:/4y3l/y2/s2/CA/ca-labs-2026-bogdantonio/MIPS_CPU_Pipeline_Basys3/MIPS_CPU_Pipeline_Basys3.runs/impl_1/test_env_placed.dcp' has been generated.
Command: phys_opt_design
Attempting to get a license for feature 'Implementation' and/or device 'xc7a35t'
INFO: [Common 17-349] Got license for feature 'Implementation' and/or device 'xc7a35t'

Starting Initial Update Timing Task

Time (s): cpu = 00:00:01 ; elapsed = 00:00:00.454 . Memory (MB): peak = 1691.184 ; gain = 4.602
INFO: [Vivado_Tcl 4-235] No timing constraint found. The netlist was not modified.
INFO: [Common 17-83] Releasing license: Implementation
57 Infos, 1 Warnings, 0 Critical Warnings and 0 Errors encountered.
phys_opt_design completed successfully
INFO: [Timing 38-480] Writing timing data to binary archive.
Write ShapeDB Complete: Time (s): cpu = 00:00:00 ; elapsed = 00:00:00.028 . Memory (MB): peak = 1709.113 ; gain = 0.016
Wrote PlaceDB: Time (s): cpu = 00:00:00 ; elapsed = 00:00:00.443 . Memory (MB): peak = 1710.988 ; gain = 1.875
Wrote PulsedLatchDB: Time (s): cpu = 00:00:00 ; elapsed = 00:00:00 . Memory (MB): peak = 1710.988 ; gain = 0.000
Writing XDEF routing.
Writing XDEF routing logical nets.
Writing XDEF routing special nets.
Wrote RouteStorage: Time (s): cpu = 00:00:01 ; elapsed = 00:00:00.028 . Memory (MB): peak = 1710.988 ; gain = 0.000
Wrote Netlist Cache: Time (s): cpu = 00:00:00 ; elapsed = 00:00:00.008 . Memory (MB): peak = 1710.988 ; gain = 0.000
Wrote Device Cache: Time (s): cpu = 00:00:00 ; elapsed = 00:00:00.009 . Memory (MB): peak = 1710.988 ; gain = 0.000
Write Physdb Complete: Time (s): cpu = 00:00:01 ; elapsed = 00:00:00.501 . Memory (MB): peak = 1710.988 ; gain = 1.875
INFO: [Common 17-1381] The checkpoint 'D:/4y3l/y2/s2/CA/ca-labs-2026-bogdantonio/MIPS_CPU_Pipeline_Basys3/MIPS_CPU_Pipeline_Basys3.runs/impl_1/test_env_physopt.dcp' has been generated.
Command: route_design
Attempting to get a license for feature 'Implementation' and/or device 'xc7a35t'
INFO: [Common 17-349] Got license for feature 'Implementation' and/or device 'xc7a35t'


Starting Routing Task
INFO: [Route 35-254] Multithreading enabled for route_design using a maximum of 2 CPUs

Phase 1 Build RT Design
Checksum: PlaceDB: 9a901e6e ConstDB: 0 ShapeSum: ee22732a RouteDB: a0815c57
Post Restoration Checksum: NetGraph: eda7b062 | NumContArr: 7334e64 | Constraints: c2a8fa9d | Timing: c2a8fa9d
Phase 1 Build RT Design | Checksum: 27a2cf400

Time (s): cpu = 00:00:25 ; elapsed = 00:00:22 . Memory (MB): peak = 1809.254 ; gain = 98.266

Phase 2 Router Initialization
INFO: [Route 35-64] No timing constraints were detected. The router will operate in resource-optimization mode.

Phase 2.1 Fix Topology Constraints
Phase 2.1 Fix Topology Constraints | Checksum: 27a2cf400

Time (s): cpu = 00:00:25 ; elapsed = 00:00:22 . Memory (MB): peak = 1815.344 ; gain = 104.355

Phase 2.2 Pre Route Cleanup
Phase 2.2 Pre Route Cleanup | Checksum: 27a2cf400

Time (s): cpu = 00:00:25 ; elapsed = 00:00:22 . Memory (MB): peak = 1815.344 ; gain = 104.355
 Number of Nodes with overlaps = 0

Router Utilization Summary
  Global Vertical Routing Utilization    = 0 %
  Global Horizontal Routing Utilization  = 0 %
  Routable Net Status*
  *Does not include unroutable nets such as driverless and loadless.
  Run report_route_status for detailed report.
  Number of Failed Nets               = 1375
    (Failed Nets is the sum of unrouted and partially routed nets)
  Number of Unrouted Nets             = 1375
  Number of Partially Routed Nets     = 0
  Number of Node Overlaps             = 0

Phase 2 Router Initialization | Checksum: 2aa8cf258

Time (s): cpu = 00:00:26 ; elapsed = 00:00:23 . Memory (MB): peak = 1834.582 ; gain = 123.594

Phase 3 Global Routing
Phase 3 Global Routing | Checksum: 2aa8cf258

Time (s): cpu = 00:00:26 ; elapsed = 00:00:23 . Memory (MB): peak = 1834.582 ; gain = 123.594

Phase 4 Initial Routing

Phase 4.1 Initial Net Routing Pass
Phase 4.1 Initial Net Routing Pass | Checksum: 26f701a3f

Time (s): cpu = 00:00:27 ; elapsed = 00:00:24 . Memory (MB): peak = 1834.582 ; gain = 123.594
Phase 4 Initial Routing | Checksum: 26f701a3f

Time (s): cpu = 00:00:27 ; elapsed = 00:00:24 . Memory (MB): peak = 1834.582 ; gain = 123.594

Phase 5 Rip-up And Reroute

Phase 5.1 Global Iteration 0
 Number of Nodes with overlaps = 82
 Number of Nodes with overlaps = 0
Phase 5.1 Global Iteration 0 | Checksum: 2bc2aefca

Time (s): cpu = 00:00:28 ; elapsed = 00:00:24 . Memory (MB): peak = 1834.582 ; gain = 123.594
Phase 5 Rip-up And Reroute | Checksum: 2bc2aefca

Time (s): cpu = 00:00:28 ; elapsed = 00:00:24 . Memory (MB): peak = 1834.582 ; gain = 123.594

Phase 6 Delay and Skew Optimization
Phase 6 Delay and Skew Optimization | Checksum: 2bc2aefca

Time (s): cpu = 00:00:28 ; elapsed = 00:00:24 . Memory (MB): peak = 1834.582 ; gain = 123.594

Phase 7 Post Hold Fix

Phase 7.1 Hold Fix Iter
Phase 7.1 Hold Fix Iter | Checksum: 2bc2aefca

Time (s): cpu = 00:00:28 ; elapsed = 00:00:24 . Memory (MB): peak = 1834.582 ; gain = 123.594
Phase 7 Post Hold Fix | Checksum: 2bc2aefca

Time (s): cpu = 00:00:28 ; elapsed = 00:00:24 . Memory (MB): peak = 1834.582 ; gain = 123.594

Phase 8 Route finalize

Router Utilization Summary
  Global Vertical Routing Utilization    = 1.2489 %
  Global Horizontal Routing Utilization  = 1.35463 %
  Routable Net Status*
  *Does not include unroutable nets such as driverless and loadless.
  Run report_route_status for detailed report.
  Number of Failed Nets               = 0
    (Failed Nets is the sum of unrouted and partially routed nets)
  Number of Unrouted Nets             = 0
  Number of Partially Routed Nets     = 0
  Number of Node Overlaps             = 0


--GLOBAL Congestion:
Utilization threshold used for congestion level computation: 0.85
Congestion Report
North Dir 1x1 Area, Max Cong = 36.9369%, No Congested Regions.
South Dir 1x1 Area, Max Cong = 36.036%, No Congested Regions.
East Dir 1x1 Area, Max Cong = 32.3529%, No Congested Regions.
West Dir 1x1 Area, Max Cong = 36.7647%, No Congested Regions.

------------------------------
Reporting congestion hotspots
------------------------------
Direction: North
----------------
Congested clusters found at Level 0
Effective congestion level: 0 Aspect Ratio: 1 Sparse Ratio: 0
Direction: South
----------------
Congested clusters found at Level 0
Effective congestion level: 0 Aspect Ratio: 1 Sparse Ratio: 0
Direction: East
----------------
Congested clusters found at Level 0
Effective congestion level: 0 Aspect Ratio: 1 Sparse Ratio: 0
Direction: West
----------------
Congested clusters found at Level 0
Effective congestion level: 0 Aspect Ratio: 1 Sparse Ratio: 0

Phase 8 Route finalize | Checksum: 2bc2aefca

Time (s): cpu = 00:00:28 ; elapsed = 00:00:24 . Memory (MB): peak = 1834.582 ; gain = 123.594

Phase 9 Verifying routed nets

 Verification completed successfully
Phase 9 Verifying routed nets | Checksum: 2bc2aefca

Time (s): cpu = 00:00:28 ; elapsed = 00:00:24 . Memory (MB): peak = 1834.582 ; gain = 123.594

Phase 10 Depositing Routes
Phase 10 Depositing Routes | Checksum: 29840d478

Time (s): cpu = 00:00:28 ; elapsed = 00:00:25 . Memory (MB): peak = 1834.582 ; gain = 123.594

Phase 11 Post Process Routing
Phase 11 Post Process Routing | Checksum: 29840d478

Time (s): cpu = 00:00:28 ; elapsed = 00:00:25 . Memory (MB): peak = 1834.582 ; gain = 123.594
Total Elapsed time in route_design: 24.66 secs

Phase 12 Post-Route Event Processing
Phase 12 Post-Route Event Processing | Checksum: 17c81cc1e

Time (s): cpu = 00:00:29 ; elapsed = 00:00:25 . Memory (MB): peak = 1834.582 ; gain = 123.594
INFO: [Route 35-16] Router Completed Successfully
Ending Routing Task | Checksum: 17c81cc1e

Time (s): cpu = 00:00:29 ; elapsed = 00:00:25 . Memory (MB): peak = 1834.582 ; gain = 123.594

Routing Is Done.
INFO: [Common 17-83] Releasing license: Implementation
64 Infos, 1 Warnings, 0 Critical Warnings and 0 Errors encountered.
route_design completed successfully
route_design: Time (s): cpu = 00:00:29 ; elapsed = 00:00:25 . Memory (MB): peak = 1834.582 ; gain = 123.594
INFO: [Vivado 12-24828] Executing command : report_drc -file test_env_drc_routed.rpt -pb test_env_drc_routed.pb -rpx test_env_drc_routed.rpx
Command: report_drc -file test_env_drc_routed.rpt -pb test_env_drc_routed.pb -rpx test_env_drc_routed.rpx
INFO: [IP_Flow 19-1839] IP Catalog is up to date.
INFO: [DRC 23-27] Running DRC with 2 threads
INFO: [Vivado_Tcl 2-168] The results of DRC are in file D:/4y3l/y2/s2/CA/ca-labs-2026-bogdantonio/MIPS_CPU_Pipeline_Basys3/MIPS_CPU_Pipeline_Basys3.runs/impl_1/test_env_drc_routed.rpt.
report_drc completed successfully
INFO: [Vivado 12-24828] Executing command : report_methodology -file test_env_methodology_drc_routed.rpt -pb test_env_methodology_drc_routed.pb -rpx test_env_methodology_drc_routed.rpx
Command: report_methodology -file test_env_methodology_drc_routed.rpt -pb test_env_methodology_drc_routed.pb -rpx test_env_methodology_drc_routed.rpx
INFO: [Timing 38-35] Done setting XDC timing constraints.
INFO: [DRC 23-133] Running Methodology with 2 threads
INFO: [Vivado_Tcl 2-1520] The results of Report Methodology are in file D:/4y3l/y2/s2/CA/ca-labs-2026-bogdantonio/MIPS_CPU_Pipeline_Basys3/MIPS_CPU_Pipeline_Basys3.runs/impl_1/test_env_methodology_drc_routed.rpt.
report_methodology completed successfully
report_drc: Time (s): cpu = 00:00:09 ; elapsed = 00:00:05 . Memory (MB): peak = 1919.875 ; gain = 27.035
INFO: [Vivado 12-24828] Executing command : report_timing_summary -max_paths 10 -report_unconstrained -file test_env_timing_summary_routed.rpt -pb test_env_timing_summary_routed.pb -rpx test_env_timing_summary_routed.rpx -warn_on_violation 
INFO: [Timing 38-35] Done setting XDC timing constraints.
INFO: [Timing 38-91] UpdateTimingParams: Speed grade: -1, Delay Type: min_max.
INFO: [Timing 38-191] Multithreading enabled for timing update using a maximum of 2 CPUs
WARNING: [Timing 38-313] There are no user specified timing constraints. Timing constraints are needed for proper timing analysis.
INFO: [Vivado 12-24838] Running report commands "report_incremental_reuse, report_route_status" in parallel.
Running report generation with 2 threads.
INFO: [Vivado 12-24828] Executing command : report_route_status -file test_env_route_status.rpt -pb test_env_route_status.pb
INFO: [Vivado 12-24828] Executing command : report_incremental_reuse -file test_env_incremental_reuse_routed.rpt
INFO: [Vivado_Tcl 4-1062] Incremental flow is disabled. No incremental reuse Info to report.
INFO: [Vivado 12-24828] Executing command : report_power -file test_env_power_routed.rpt -pb test_env_power_summary_routed.pb -rpx test_env_power_routed.rpx
Command: report_power -file test_env_power_routed.rpt -pb test_env_power_summary_routed.pb -rpx test_env_power_routed.rpx
WARNING: [Power 33-232] No user defined clocks were found in the design! Power estimation will be inaccurate until this is corrected.
Resolution: Please specify clocks using create_clock/create_generated_clock for sequential elements. For pure combinatorial circuits, please specify a virtual clock, otherwise the vectorless estimation might be inaccurate
Running Vector-less Activity Propagation...

Finished Running Vector-less Activity Propagation
81 Infos, 3 Warnings, 0 Critical Warnings and 0 Errors encountered.
report_power completed successfully
INFO: [Vivado 12-24828] Executing command : report_clock_utilization -file test_env_clock_utilization_routed.rpt
INFO: [Vivado 12-24828] Executing command : report_bus_skew -warn_on_violation -file test_env_bus_skew_routed.rpt -pb test_env_bus_skew_routed.pb -rpx test_env_bus_skew_routed.rpx
INFO: [Timing 38-91] UpdateTimingParams: Speed grade: -1, Delay Type: min_max.
INFO: [Timing 38-191] Multithreading enabled for timing update using a maximum of 2 CPUs
generate_parallel_reports: Time (s): cpu = 00:00:21 ; elapsed = 00:00:12 . Memory (MB): peak = 1921.922 ; gain = 87.340
INFO: [Timing 38-480] Writing timing data to binary archive.
Write ShapeDB Complete: Time (s): cpu = 00:00:00 ; elapsed = 00:00:00.044 . Memory (MB): peak = 1927.379 ; gain = 0.023
Wrote PlaceDB: Time (s): cpu = 00:00:01 ; elapsed = 00:00:00.467 . Memory (MB): peak = 1933.434 ; gain = 6.055
Wrote PulsedLatchDB: Time (s): cpu = 00:00:00 ; elapsed = 00:00:00 . Memory (MB): peak = 1933.434 ; gain = 0.000
Writing XDEF routing.
Writing XDEF routing logical nets.
Writing XDEF routing special nets.
Wrote RouteStorage: Time (s): cpu = 00:00:00 ; elapsed = 00:00:00.074 . Memory (MB): peak = 1933.434 ; gain = 0.000
Wrote Netlist Cache: Time (s): cpu = 00:00:00 ; elapsed = 00:00:00.006 . Memory (MB): peak = 1933.434 ; gain = 0.000
Wrote Device Cache: Time (s): cpu = 00:00:00 ; elapsed = 00:00:00.008 . Memory (MB): peak = 1933.434 ; gain = 0.000
Write Physdb Complete: Time (s): cpu = 00:00:01 ; elapsed = 00:00:00.568 . Memory (MB): peak = 1933.434 ; gain = 6.055
INFO: [Common 17-1381] The checkpoint 'D:/4y3l/y2/s2/CA/ca-labs-2026-bogdantonio/MIPS_CPU_Pipeline_Basys3/MIPS_CPU_Pipeline_Basys3.runs/impl_1/test_env_routed.dcp' has been generated.
INFO: [Common 17-206] Exiting Vivado at Wed May 20 21:17:54 2026...

*** Running vivado
    with args -log test_env.vdi -applog -m64 -product Vivado -messageDb vivado.pb -mode batch -source test_env.tcl -notrace



****** Vivado v2024.2 (64-bit)
  **** SW Build 5239630 on Fri Nov 08 22:35:27 MST 2024
  **** IP Build 5239520 on Sun Nov 10 16:12:51 MST 2024
  **** SharedData Build 5239561 on Fri Nov 08 14:39:27 MST 2024
  **** Start of session at: Wed May 20 21:18:23 2026
    ** Copyright 1986-2022 Xilinx, Inc. All Rights Reserved.
    ** Copyright 2022-2024 Advanced Micro Devices, Inc. All Rights Reserved.

source test_env.tcl -notrace
Command: open_checkpoint test_env_routed.dcp
INFO: [Device 21-403] Loading part xc7a35tcpg236-1
Netlist sorting complete. Time (s): cpu = 00:00:00 ; elapsed = 00:00:00.018 . Memory (MB): peak = 570.230 ; gain = 0.000
INFO: [Netlist 29-17] Analyzing 616 Unisim elements for replacement
INFO: [Netlist 29-28] Unisim Transformation completed in 0 CPU seconds
INFO: [Project 1-479] Netlist was created with Vivado 2024.2
INFO: [Project 1-570] Preparing netlist for logic optimization
Read ShapeDB Complete: Time (s): cpu = 00:00:00 ; elapsed = 00:00:00.021 . Memory (MB): peak = 667.531 ; gain = 1.434
INFO: [Timing 38-478] Restoring timing data from binary archive.
INFO: [Timing 38-479] Binary timing data restore complete.
INFO: [Project 1-856] Restoring constraints from binary archive.
INFO: [Project 1-853] Binary constraint restore complete.
INFO: [Designutils 20-5722] Start Reading Physical Databases.
Reading placement.
Read Netlist Cache: Time (s): cpu = 00:00:00 ; elapsed = 00:00:00.003 . Memory (MB): peak = 1273.707 ; gain = 0.000
Reading placer database...
Read Device Cache: Time (s): cpu = 00:00:00 ; elapsed = 00:00:00.007 . Memory (MB): peak = 1273.707 ; gain = 0.000
Read PlaceDB: Time (s): cpu = 00:00:01 ; elapsed = 00:00:00.194 . Memory (MB): peak = 1273.707 ; gain = 0.000
Read PulsedLatchDB: Time (s): cpu = 00:00:00 ; elapsed = 00:00:00 . Memory (MB): peak = 1273.707 ; gain = 0.000
Reading routing.
Read RouteStorage: Time (s): cpu = 00:00:00 ; elapsed = 00:00:00.069 . Memory (MB): peak = 1273.707 ; gain = 0.000
Read Physdb Files: Time (s): cpu = 00:00:01 ; elapsed = 00:00:00.287 . Memory (MB): peak = 1273.707 ; gain = 0.000
Restored from archive | CPU: 1.000000 secs | Memory: 0.000000 MB |
Finished XDEF File Restore: Time (s): cpu = 00:00:01 ; elapsed = 00:00:00.364 . Memory (MB): peak = 1273.707 ; gain = 15.508
Netlist sorting complete. Time (s): cpu = 00:00:00 ; elapsed = 00:00:00.002 . Memory (MB): peak = 1273.707 ; gain = 0.000
INFO: [Project 1-111] Unisim Transformation Summary:
  A total of 518 instances were transformed.
  RAM256X1S => RAM256X1S (MUXF7(x2), MUXF8, RAMS64E(x4)): 512 instances
  RAM32M => RAM32M (RAMD32(x6), RAMS32(x2)): 6 instances

INFO: [Project 1-604] Checkpoint was created with Vivado v2024.2 (64-bit) build 5239630
WARNING: [Vivado 12-23575] Critical violations of the methodology design rules detected. Critical violations may contribute to timing failures or cause functional issues in hardware. Run report_methodology for more information.
open_checkpoint: Time (s): cpu = 00:00:16 ; elapsed = 00:00:17 . Memory (MB): peak = 1273.707 ; gain = 972.367
Command: write_bitstream -force test_env.bit
Attempting to get a license for feature 'Implementation' and/or device 'xc7a35t'
INFO: [Common 17-349] Got license for feature 'Implementation' and/or device 'xc7a35t'
Running DRC as a precondition to command write_bitstream
INFO: [IP_Flow 19-234] Refreshing IP repositories
INFO: [IP_Flow 19-1704] No user IP repositories specified
INFO: [IP_Flow 19-2313] Loaded Vivado IP repository 'D:/Aplicatii/Xilinx/Vivado/2024.2/data/ip'.
INFO: [DRC 23-27] Running DRC with 2 threads
INFO: [Vivado 12-3199] DRC finished with 0 Errors
INFO: [Vivado 12-3200] Please refer to the DRC report (report_drc) for more information.
INFO: [Designutils 20-2272] Running write_bitstream with 2 threads.
Loading data files...
Loading site data...
Loading route data...
Processing options...
Creating bitmap...
Creating bitstream...
Bitstream compression saved 11968960 bits.
Writing bitstream ./test_env.bit...
INFO: [Vivado 12-1842] Bitgen Completed Successfully.
INFO: [Project 1-1876] WebTalk data collection is mandatory when using a ULT device. To see the specific WebTalk data collected for your design, open the usage_statistics_webtalk.html or usage_statistics_webtalk.xml file in the implementation directory.
INFO: [Common 17-83] Releasing license: Implementation
23 Infos, 1 Warnings, 0 Critical Warnings and 0 Errors encountered.
write_bitstream completed successfully
write_bitstream: Time (s): cpu = 00:00:23 ; elapsed = 00:00:17 . Memory (MB): peak = 1838.922 ; gain = 565.215
INFO: [Common 17-206] Exiting Vivado at Wed May 20 21:19:01 2026...

*** Running vivado
    with args -log test_env.vdi -applog -m64 -product Vivado -messageDb vivado.pb -mode batch -source test_env.tcl -notrace



****** Vivado v2024.2 (64-bit)
  **** SW Build 5239630 on Fri Nov 08 22:35:27 MST 2024
  **** IP Build 5239520 on Sun Nov 10 16:12:51 MST 2024
  **** SharedData Build 5239561 on Fri Nov 08 14:39:27 MST 2024
  **** Start of session at: Thu Jun  4 21:37:09 2026
    ** Copyright 1986-2022 Xilinx, Inc. All Rights Reserved.
    ** Copyright 2022-2024 Advanced Micro Devices, Inc. All Rights Reserved.

source test_env.tcl -notrace
Command: open_checkpoint test_env_routed.dcp
INFO: [Device 21-403] Loading part xc7a35tcpg236-1
Netlist sorting complete. Time (s): cpu = 00:00:00 ; elapsed = 00:00:00.014 . Memory (MB): peak = 571.199 ; gain = 0.000
INFO: [Netlist 29-17] Analyzing 616 Unisim elements for replacement
INFO: [Netlist 29-28] Unisim Transformation completed in 0 CPU seconds
INFO: [Project 1-479] Netlist was created with Vivado 2024.2
INFO: [Project 1-570] Preparing netlist for logic optimization
Read ShapeDB Complete: Time (s): cpu = 00:00:00 ; elapsed = 00:00:00.017 . Memory (MB): peak = 667.680 ; gain = 1.406
INFO: [Timing 38-478] Restoring timing data from binary archive.
INFO: [Timing 38-479] Binary timing data restore complete.
INFO: [Project 1-856] Restoring constraints from binary archive.
INFO: [Project 1-853] Binary constraint restore complete.
INFO: [Designutils 20-5722] Start Reading Physical Databases.
Reading placement.
Read Netlist Cache: Time (s): cpu = 00:00:00 ; elapsed = 00:00:00.002 . Memory (MB): peak = 1268.047 ; gain = 0.000
Reading placer database...
Read Device Cache: Time (s): cpu = 00:00:00 ; elapsed = 00:00:00.006 . Memory (MB): peak = 1268.047 ; gain = 0.000
Read PlaceDB: Time (s): cpu = 00:00:01 ; elapsed = 00:00:00.191 . Memory (MB): peak = 1268.047 ; gain = 0.000
Read PulsedLatchDB: Time (s): cpu = 00:00:00 ; elapsed = 00:00:00 . Memory (MB): peak = 1268.047 ; gain = 0.000
Reading routing.
Read RouteStorage: Time (s): cpu = 00:00:00 ; elapsed = 00:00:00.045 . Memory (MB): peak = 1268.047 ; gain = 0.000
Read Physdb Files: Time (s): cpu = 00:00:01 ; elapsed = 00:00:00.258 . Memory (MB): peak = 1268.047 ; gain = 0.000
Restored from archive | CPU: 1.000000 secs | Memory: 0.000000 MB |
Finished XDEF File Restore: Time (s): cpu = 00:00:01 ; elapsed = 00:00:00.320 . Memory (MB): peak = 1268.047 ; gain = 12.512
Netlist sorting complete. Time (s): cpu = 00:00:00 ; elapsed = 00:00:00.002 . Memory (MB): peak = 1268.047 ; gain = 0.000
INFO: [Project 1-111] Unisim Transformation Summary:
  A total of 518 instances were transformed.
  RAM256X1S => RAM256X1S (MUXF7(x2), MUXF8, RAMS64E(x4)): 512 instances
  RAM32M => RAM32M (RAMD32(x6), RAMS32(x2)): 6 instances

INFO: [Project 1-604] Checkpoint was created with Vivado v2024.2 (64-bit) build 5239630
WARNING: [Vivado 12-23575] Critical violations of the methodology design rules detected. Critical violations may contribute to timing failures or cause functional issues in hardware. Run report_methodology for more information.
open_checkpoint: Time (s): cpu = 00:00:12 ; elapsed = 00:00:24 . Memory (MB): peak = 1268.047 ; gain = 965.422
Command: write_bitstream -force test_env.bit
Attempting to get a license for feature 'Implementation' and/or device 'xc7a35t'
INFO: [Common 17-349] Got license for feature 'Implementation' and/or device 'xc7a35t'
Running DRC as a precondition to command write_bitstream
INFO: [IP_Flow 19-234] Refreshing IP repositories
INFO: [IP_Flow 19-1704] No user IP repositories specified
INFO: [IP_Flow 19-2313] Loaded Vivado IP repository 'D:/Aplicatii/Xilinx/Vivado/2024.2/data/ip'.
INFO: [DRC 23-27] Running DRC with 2 threads
INFO: [Vivado 12-3199] DRC finished with 0 Errors
INFO: [Vivado 12-3200] Please refer to the DRC report (report_drc) for more information.
INFO: [Designutils 20-2272] Running write_bitstream with 2 threads.
Loading data files...
Loading site data...
Loading route data...
Processing options...
Creating bitmap...
Creating bitstream...
Bitstream compression saved 11968960 bits.
Writing bitstream ./test_env.bit...
INFO: [Vivado 12-1842] Bitgen Completed Successfully.
INFO: [Project 1-1876] WebTalk data collection is mandatory when using a ULT device. To see the specific WebTalk data collected for your design, open the usage_statistics_webtalk.html or usage_statistics_webtalk.xml file in the implementation directory.
INFO: [Common 17-83] Releasing license: Implementation
23 Infos, 1 Warnings, 0 Critical Warnings and 0 Errors encountered.
write_bitstream completed successfully
write_bitstream: Time (s): cpu = 00:00:18 ; elapsed = 00:00:14 . Memory (MB): peak = 1837.230 ; gain = 569.184
INFO: [Common 17-206] Exiting Vivado at Thu Jun  4 21:37:49 2026...
