Copyright 1986-2022 Xilinx, Inc. All Rights Reserved. Copyright 2022-2024 Advanced Micro Devices, Inc. All Rights Reserved.
---------------------------------------------------------------------------------------------------------------------------------------------
| Tool Version : Vivado v.2024.2 (win64) Build 5239630 Fri Nov 08 22:35:27 MST 2024
| Date         : Wed May 20 21:17:13 2026
| Host         : DESKTOP-K6LVBJO running 64-bit major release  (build 9200)
| Command      : report_control_sets -verbose -file test_env_control_sets_placed.rpt
| Design       : test_env
| Device       : xc7a35t
---------------------------------------------------------------------------------------------------------------------------------------------

Control Set Information

Table of Contents
-----------------
1. Summary
2. Histogram
3. Flip-Flop Distribution
4. Detailed Control Set Information

1. Summary
----------

+----------------------------------------------------------+-------+
|                          Status                          | Count |
+----------------------------------------------------------+-------+
| Total control sets                                       |    39 |
|    Minimum number of control sets                        |    39 |
|    Addition due to synthesis replication                 |     0 |
|    Addition due to physical synthesis replication        |     0 |
| Unused register locations in slices containing registers |    17 |
+----------------------------------------------------------+-------+
* Control sets can be merged at opt_design using control_set_merge or merge_equivalent_drivers
** Run report_qor_suggestions for automated merging and remapping suggestions


2. Histogram
------------

+--------------------+-------+
|       Fanout       | Count |
+--------------------+-------+
| Total control sets |    39 |
| >= 0 to < 4        |     1 |
| >= 4 to < 6        |     0 |
| >= 6 to < 8        |     0 |
| >= 8 to < 10       |     0 |
| >= 10 to < 12      |     0 |
| >= 12 to < 14      |     0 |
| >= 14 to < 16      |     0 |
| >= 16              |    38 |
+--------------------+-------+
* Control sets can be remapped at either synth_design or opt_design


3. Flip-Flop Distribution
-------------------------

+--------------+-----------------------+------------------------+-----------------+--------------+
| Clock Enable | Synchronous Set/Reset | Asynchronous Set/Reset | Total Registers | Total Slices |
+--------------+-----------------------+------------------------+-----------------+--------------+
| No           | No                    | No                     |             341 |          177 |
| No           | No                    | Yes                    |              16 |            9 |
| No           | Yes                   | No                     |               0 |            0 |
| Yes          | No                    | No                     |               2 |            2 |
| Yes          | No                    | Yes                    |               0 |            0 |
| Yes          | Yes                   | No                     |               0 |            0 |
+--------------+-----------------------+------------------------+-----------------+--------------+


4. Detailed Control Set Information
-----------------------------------

+------------------------------+---------------------------------------+------------------+------------------+----------------+--------------+
|         Clock Signal         |             Enable Signal             | Set/Reset Signal | Slice Load Count | Bel Load Count | Bels / Slice |
+------------------------------+---------------------------------------+------------------+------------------+----------------+--------------+
|  CLK_IBUF_BUFG               | MPG1/en_reg_reg[13]_0                 |                  |                2 |              2 |         1.00 |
| ~WE_BUFG                     |                                       |                  |               15 |             16 |         1.07 |
|  ALU1/ALURes_reg[15]_i_2_n_0 |                                       |                  |               11 |             16 |         1.45 |
|  ENABLE_BUFG                 |                                       | MPG2/AR[0]       |                9 |             16 |         1.78 |
|  CLK_IBUF_BUFG               |                                       |                  |               12 |             36 |         3.00 |
|  MPG1/CLK0_out_BUFG          | RegWrite                              |                  |                6 |             48 |         8.00 |
|  CLK_IBUF_BUFG               | RAM1/ramram_reg_256_511_0_0_i_1_n_0   |                  |               16 |             64 |         4.00 |
|  CLK_IBUF_BUFG               | RAM1/ramram_reg_6656_6911_0_0_i_1_n_0 |                  |               16 |             64 |         4.00 |
|  CLK_IBUF_BUFG               | RAM1/ramram_reg_6912_7167_0_0_i_1_n_0 |                  |               16 |             64 |         4.00 |
|  CLK_IBUF_BUFG               | RAM1/ramram_reg_6400_6655_0_0_i_1_n_0 |                  |               16 |             64 |         4.00 |
|  CLK_IBUF_BUFG               | RAM1/ramram_reg_6144_6399_0_0_i_1_n_0 |                  |               16 |             64 |         4.00 |
|  CLK_IBUF_BUFG               | RAM1/ramram_reg_7168_7423_0_0_i_1_n_0 |                  |               16 |             64 |         4.00 |
|  CLK_IBUF_BUFG               | RAM1/ramram_reg_7424_7679_0_0_i_1_n_0 |                  |               16 |             64 |         4.00 |
|  CLK_IBUF_BUFG               | RAM1/ramram_reg_7680_7935_0_0_i_1_n_0 |                  |               16 |             64 |         4.00 |
|  CLK_IBUF_BUFG               | RAM1/ramram_reg_7936_8191_0_0_i_1_n_0 |                  |               16 |             64 |         4.00 |
|  CLK_IBUF_BUFG               | RAM1/ramram_reg_768_1023_0_0_i_1_n_0  |                  |               16 |             64 |         4.00 |
|  CLK_IBUF_BUFG               | RAM1/ramram_reg_1024_1279_0_0_i_1_n_0 |                  |               16 |             64 |         4.00 |
|  CLK_IBUF_BUFG               | RAM1/ramram_reg_1280_1535_0_0_i_1_n_0 |                  |               16 |             64 |         4.00 |
|  CLK_IBUF_BUFG               | RAM1/ramram_reg_0_255_0_0_i_1_n_0     |                  |               16 |             64 |         4.00 |
|  CLK_IBUF_BUFG               | RAM1/ramram_reg_1536_1791_0_0_i_1_n_0 |                  |               16 |             64 |         4.00 |
|  CLK_IBUF_BUFG               | RAM1/ramram_reg_2048_2303_0_0_i_1_n_0 |                  |               16 |             64 |         4.00 |
|  CLK_IBUF_BUFG               | RAM1/ramram_reg_3072_3327_0_0_i_1_n_0 |                  |               16 |             64 |         4.00 |
|  CLK_IBUF_BUFG               | RAM1/ramram_reg_2304_2559_0_0_i_1_n_0 |                  |               16 |             64 |         4.00 |
|  CLK_IBUF_BUFG               | RAM1/ramram_reg_2816_3071_0_0_i_1_n_0 |                  |               16 |             64 |         4.00 |
|  CLK_IBUF_BUFG               | RAM1/ramram_reg_2560_2815_0_0_i_1_n_0 |                  |               16 |             64 |         4.00 |
|  CLK_IBUF_BUFG               | RAM1/ramram_reg_3328_3583_0_0_i_1_n_0 |                  |               16 |             64 |         4.00 |
|  CLK_IBUF_BUFG               | RAM1/ramram_reg_3584_3839_0_0_i_1_n_0 |                  |               16 |             64 |         4.00 |
|  CLK_IBUF_BUFG               | RAM1/ramram_reg_3840_4095_0_0_i_1_n_0 |                  |               16 |             64 |         4.00 |
|  CLK_IBUF_BUFG               | RAM1/ramram_reg_4352_4607_0_0_i_1_n_0 |                  |               16 |             64 |         4.00 |
|  CLK_IBUF_BUFG               | RAM1/ramram_reg_4608_4863_0_0_i_1_n_0 |                  |               16 |             64 |         4.00 |
|  CLK_IBUF_BUFG               | RAM1/ramram_reg_4864_5119_0_0_i_1_n_0 |                  |               16 |             64 |         4.00 |
|  CLK_IBUF_BUFG               | RAM1/ramram_reg_4096_4351_0_0_i_1_n_0 |                  |               16 |             64 |         4.00 |
|  CLK_IBUF_BUFG               | RAM1/ramram_reg_512_767_0_0_i_1_n_0   |                  |               16 |             64 |         4.00 |
|  CLK_IBUF_BUFG               | RAM1/ramram_reg_5632_5887_0_0_i_1_n_0 |                  |               16 |             64 |         4.00 |
|  CLK_IBUF_BUFG               | RAM1/ramram_reg_5120_5375_0_0_i_1_n_0 |                  |               16 |             64 |         4.00 |
|  CLK_IBUF_BUFG               | RAM1/ramram_reg_5376_5631_0_0_i_1_n_0 |                  |               16 |             64 |         4.00 |
|  CLK_IBUF_BUFG               | RAM1/ramram_reg_5888_6143_0_0_i_1_n_0 |                  |               16 |             64 |         4.00 |
|  CLK_IBUF_BUFG               | RAM1/ramram_reg_1792_2047_0_0_i_1_n_0 |                  |               16 |             64 |         4.00 |
|  ENABLE_BUFG                 |                                       |                  |              139 |            277 |         1.99 |
+------------------------------+---------------------------------------+------------------+------------------+----------------+--------------+


